#-----------------------------------------------------------
# Vivado v2023.1 (64-bit)
# SW Build 3865809 on Sun May  7 15:05:29 MDT 2023
# IP Build 3864474 on Sun May  7 20:36:21 MDT 2023
# SharedData Build 3865790 on Sun May 07 13:33:03 MDT 2023
# Start of session at: Tue Sep  3 23:13:08 2024
# Process ID: 16444
# Current directory: C:/Users/Baron/Desktop/EE_278_Repo/EE_278/vivado_projects/EE278_Homework_1/EE278_Homework_1.runs/synth_1
# Command line: vivado.exe -log unsigned_pipelined_fixed_point_adder.vds -product Vivado -mode batch -messageDb vivado.pb -notrace -source unsigned_pipelined_fixed_point_adder.tcl
# Log file: C:/Users/Baron/Desktop/EE_278_Repo/EE_278/vivado_projects/EE278_Homework_1/EE278_Homework_1.runs/synth_1/unsigned_pipelined_fixed_point_adder.vds
# Journal file: C:/Users/Baron/Desktop/EE_278_Repo/EE_278/vivado_projects/EE278_Homework_1/EE278_Homework_1.runs/synth_1\vivado.jou
# Running On: DESKTOP-D2NNA1U, OS: Windows, CPU Frequency: 3700 MHz, CPU Physical cores: 16, Host memory: 17101 MB
#-----------------------------------------------------------
source unsigned_pipelined_fixed_point_adder.tcl -notrace
